{
  "appName": "Foot Locker",
  "packageName": "com.footlocker.approved",
  "category": "SHOPPING",
  "icon": "",
  "permissions": [
    "android.permission.ACCESS_COARSE_LOCATION",
    "android.permission.ACCESS_FINE_LOCATION",
    "android.permission.ACCESS_NETWORK_STATE",
    "android.permission.INTERNET",
    "android.permission.READ_EXTERNAL_STORAGE",
    "android.permission.WRITE_EXTERNAL_STORAGE",
    "android.permission.VIBRATE",
    "android.permission.RECEIVE_BOOT_COMPLETED",
    "android.permission.WAKE_LOCK",
    "com.google.android.c2dm.permission.RECEIVE",
    "com.footlocker.approved.permission.C2D_MESSAGE",
    "com.footlocker.approved.permission.C2D_MESSAGE",
    "android.permission.ACCESS_WIFI_STATE",
    "android.permission.BLUETOOTH",
    "android.permission.BLUETOOTH_ADMIN",
    "android.permission.READ_PHONE_STATE",
    "android.permission.READ_CALENDAR",
    "android.permission.WRITE_CALENDAR",
    "com.google.android.providers.gsf.permission.READ_GSERVICES",
    "com.footlocker.approved.permission.BEACON_RESULT_RECEIVE",
    "com.footlocker.approved.permission.BEACON_RESULT_RECEIVE",
    "com.footlocker.approved.permission.MAPS_RECEIVE",
    "com.footlocker.approved.permission.MAPS_RECEIVE",
    "android.permission.CAMERA"
  ],
  "version": "3.4.5",
  "trackers": [
    "Demdex",
    "New Relic",
    "Google CrashLytics",
    "Mapbox",
    "Urbanairship"
  ],
  "network_connections": [
    {
      "package": "com.footlocker.approved",
      "ptr_domain": "N/A",
      "ip_address": "129.33.138.31",
      "loc_city": "N/A",
      "loc_country": "United States",
      "loc_continent": "North America",
      "loc_long": "-97.822000",
      "loc_lat": "37.751000"
    },
    {
      "package": "com.footlocker.approved",
      "ptr_domain": "a23-56-125-5.deploy.static.akamaitechnologies.com.",
      "ip_address": "23.56.125.5",
      "loc_city": "N/A",
      "loc_country": "United States",
      "loc_continent": "North America",
      "loc_long": "-97.822000",
      "loc_lat": "37.751000"
    },
    {
      "package": "com.footlocker.approved",
      "ptr_domain": "ec2-50-18-120-22.us-west-1.compute.amazonaws.com.",
      "ip_address": "50.18.120.22",
      "loc_city": "San Jose",
      "loc_country": "United States",
      "loc_continent": "North America",
      "loc_long": "-121.891400",
      "loc_lat": "37.338800"
    },
    {
      "package": "com.footlocker.approved",
      "ptr_domain": "ec2-54-225-129-199.compute-1.amazonaws.com.",
      "ip_address": "54.225.129.199",
      "loc_city": "Ashburn",
      "loc_country": "United States",
      "loc_continent": "North America",
      "loc_long": "-77.472800",
      "loc_lat": "39.048100"
    },
    {
      "package": "com.footlocker.approved",
      "ptr_domain": "ec2-54-243-117-163.compute-1.amazonaws.com.",
      "ip_address": "54.243.117.163",
      "loc_city": "Ashburn",
      "loc_country": "United States",
      "loc_continent": "North America",
      "loc_long": "-77.472800",
      "loc_lat": "39.048100"
    },
    {
      "package": "com.footlocker.approved",
      "ptr_domain": "N/A",
      "ip_address": "74.121.133.2",
      "loc_city": "N/A",
      "loc_country": "United States",
      "loc_continent": "North America",
      "loc_long": "-97.822000",
      "loc_lat": "37.751000"
    }
  ]
}
